// Jest Snapshot v1, https://goo.gl/fbAQLP

exports[`<Button /> should render as button 1`] = `
.c0 {
  display: -webkit-box;
  display: -webkit-flex;
  display: -ms-flexbox;
  display: flex;
  -webkit-align-items: center;
  -webkit-box-align: center;
  -ms-flex-align: center;
  align-items: center;
  -webkit-box-pack: center;
  -webkit-justify-content: center;
  -ms-flex-pack: center;
  justify-content: center;
  width: 100%;
  background-color: #5f2eff;
  border-radius: 1.6rem;
  border: 0;
  color: #fff;
  cursor: pointer;
  font-family: Azo sans,sans-serif;
  font-size: 1.4rem;
  min-height: 4rem;
  padding: 0.8rem;
  -webkit-text-decoration: none;
  text-decoration: none;
  -webkit-transition: 0.2s ease-in-out background-color;
  transition: 0.2s ease-in-out background-color;
}

.c0:hover {
  background-color: #5400db;
}

.c0:disabled {
  background-color: #6c6b76;
}

<button
  class="c0"
>
  <span>
    Click here
  </span>
</button>
`
